// Jest Snapshot v1, https://goo.gl/fbAQLP

exports[`classname 1`] = `
<div>
  <div
    className="control-panel"
  >
    <button>
      <svg
        fill="currentColor"
        height="1em"
        viewBox="0 0 256 256"
        width="1em"
        xmlns="http://www.w3.org/2000/svg"
      >
        <path
          d="M240,128a15.74,15.74,0,0,1-7.6,13.51L88.32,229.65a16,16,0,0,1-16.2.3A15.86,15.86,0,0,1,64,216.13V39.87a15.86,15.86,0,0,1,8.12-13.82,16,16,0,0,1,16.2.3L232.4,114.49A15.74,15.74,0,0,1,240,128Z"
        />
      </svg>
    </button>
    <button>
      <svg
        fill="currentColor"
        height="1em"
        viewBox="0 0 256 256"
        width="1em"
        xmlns="http://www.w3.org/2000/svg"
      >
        <path
          d="M216,48V208a16,16,0,0,1-16,16H160a16,16,0,0,1-16-16V48a16,16,0,0,1,16-16h40A16,16,0,0,1,216,48ZM96,32H56A16,16,0,0,0,40,48V208a16,16,0,0,0,16,16H96a16,16,0,0,0,16-16V48A16,16,0,0,0,96,32Z"
        />
      </svg>
    </button>
    <button>
      Mute
    </button>
    <button>
      Volume
    </button>
    <button>
      FullScreen
    </button>
    <button>
      Loop
    </button>
  </div>
  <video
    src="https://www.youtube.com/watch?v=JGwWNGJdvx8"
    style={
      {
        "height": 500,
        "width": 500,
      }
    }
  />
</div>
`;
